// Jest Snapshot v1, https://goo.gl/fbAQLP

exports[`View snapShot 1`] = `
Array [
  <div
    className="MuiBox-root MuiBox-root-1"
  >
    <h4
      className="MuiTypography-root MuiTypography-h4"
    >
      STUDENT DETAIL
    </h4>
  </div>,
  <div
    className="MuiTableContainer-root"
  >
    <table
      className="MuiTable-root"
      role={null}
    >
      <thead
        className="MuiTableHead-root"
        role={null}
      >
        <tr
          className="MuiTableRow-root MuiTableRow-head"
          role={null}
        >
          <th
            aria-sort={null}
            className="MuiTableCell-root MuiTableCell-head MuiTableCell-alignCenter"
            scope="col"
          >
            ID
          </th>
          <th
            aria-sort={null}
            className="MuiTableCell-root MuiTableCell-head MuiTableCell-alignCenter"
            scope="col"
          >
            NAME
          </th>
          <th
            aria-sort={null}
            className="MuiTableCell-root MuiTableCell-head MuiTableCell-alignCenter"
            scope="col"
          >
            EMAIL
          </th>
        </tr>
      </thead>
      <tbody
        className="MuiTableBody-root"
        role={null}
      >
        <tr
          className="MuiTableRow-root"
          role={null}
        >
          <td
            aria-sort={null}
            className="MuiTableCell-root MuiTableCell-body MuiTableCell-alignCenter"
          />
          <td
            aria-sort={null}
            className="MuiTableCell-root MuiTableCell-body MuiTableCell-alignCenter"
          />
          <td
            aria-sort={null}
            className="MuiTableCell-root MuiTableCell-body MuiTableCell-alignCenter"
          />
        </tr>
      </tbody>
    </table>
  </div>,
  <div
    className="MuiBox-root MuiBox-root-2"
  >
    <a
      href="/"
      onClick={[Function]}
    >
      <button
        className="MuiButtonBase-root MuiButton-root MuiButton-contained"
        disabled={false}
        onBlur={[Function]}
        onDragLeave={[Function]}
        onFocus={[Function]}
        onKeyDown={[Function]}
        onKeyUp={[Function]}
        onMouseDown={[Function]}
        onMouseLeave={[Function]}
        onMouseUp={[Function]}
        onTouchEnd={[Function]}
        onTouchMove={[Function]}
        onTouchStart={[Function]}
        tabIndex={0}
        type="button"
      >
        <span
          className="MuiButton-label"
        >
          BACK TO HOME
        </span>
      </button>
    </a>
  </div>,
]
`;
